1) Frisby Test: Creating channel /jenkins/jenkins/jobs/hub-v2-dev-integration-tests/workspace/src/test/integration/websocket_spec.js {"name":"test_0_050681490218266845"}
	[ POST http://hub-v2.svc.dev/channel ]
     [31mtimeout: timed out after 15002 msec waiting for something to happen[0m

1) /jenkins/jenkins/jobs/hub-v2-dev-integration-tests/workspace/src/test/integration/previous_link_spec.js adds items and traverses previous links
     [31mtimeout: timed out after 5000 msec waiting for spec to complete[0m

1) Frisby Test: Creating channel /jenkins/jenkins/jobs/hub-v2-dev-integration-tests/workspace/src/test/integration/websocket_spec.js {"name":"test_0_018456830643117428"}
	[ POST http://hub-v2.svc.dev/channel ]
     [31mtimeout: timed out after 15002 msec waiting for something to happen[0m

  1) Frisby Test: Creating channel /jenkins/jenkins/jobs/hub-v2-dev-integration-tests/workspace/src/test/integration/websocket_spec.js {"name":"test_0_008294165600091219"}
	[ POST http://hub-v2.svc.dev/channel ]
     [31mtimeout: timed out after 15002 msec waiting for something to happen[0m

  1) /jenkins/jenkins/jobs/hub-v2-dev-integration-tests/workspace/src/test/integration/group_https_self_signed_spec.js creates channel test_0_33494963706471026 at http://hub-v2.svc.dev/channel
     [31mtimeout: timed out after 5000 msec waiting for spec to complete[0m

1) Frisby Test: Creating channel /jenkins/jenkins/jobs/hub-v2-dev-integration-tests/workspace/src/test/integration/websocket_spec.js {"name":"test_0_055275670951232314"}
	[ POST http://hub-v2.svc.dev/channel ]
     [31mtimeout: timed out after 15002 msec waiting for something to happen[0m

 1) /jenkins/jenkins/jobs/hub-v2-dev-integration-tests/workspace/src/test/integration/group_https_self_signed_spec.js creates channel test_0_0457297652028501 at http://hub-v2.svc.dev/channel
     [31mtimeout: timed out after 5000 msec waiting for spec to complete[0m

  1) Frisby Test: Creating channel /jenkins/jenkins/jobs/hub-v2-dev-integration-tests/workspace/src/test/integration/websocket_spec.js {"name":"test_0_017200415953993797"}
	[ POST http://hub-v2.svc.dev/channel ]
     [31mtimeout: timed out after 15002 msec waiting for something to happen[0m

websocket_spec - 5
group_https_self_signed_spec - 2
previous_link_spec - 1